// Jest Snapshot v1, https://goo.gl/fbAQLP

exports[`sequential digits sequential digits - test case 1 1`] = `
[
  123,
  234,
]
`;

exports[`sequential digits sequential digits - test case 2 1`] = `
[
  1234,
  2345,
  3456,
  4567,
  5678,
  6789,
  12345,
]
`;
