// Jest Snapshot v1, https://goo.gl/fbAQLP

exports[`subsets subsets - test case 2 1`] = `
[
  [],
  [
    3,
  ],
  [
    2,
  ],
  [
    3,
    2,
  ],
  [
    1,
  ],
  [
    3,
    1,
  ],
  [
    2,
    1,
  ],
  [
    3,
    2,
    1,
  ],
]
`;

exports[`subsets subsets - test case 3 1`] = `
[
  [],
  [
    0,
  ],
]
`;
