// Jest Snapshot v1, https://goo.gl/fbAQLP

exports[`group anagrams group anagrams - test case 1 1`] = `
[
  [
    "eat",
    "tea",
    "ate",
  ],
  [
    "tan",
    "nat",
  ],
  [
    "bat",
  ],
]
`;
