// Jest Snapshot v1, https://goo.gl/fbAQLP

exports[`permutations run 1, 2, 3, 4 1`] = `
Array [
  Array [
    1,
    2,
    3,
    4,
  ],
  Array [
    1,
    2,
    4,
    3,
  ],
  Array [
    1,
    3,
    2,
    4,
  ],
  Array [
    1,
    3,
    4,
    2,
  ],
  Array [
    1,
    4,
    2,
    3,
  ],
  Array [
    1,
    4,
    3,
    2,
  ],
  Array [
    2,
    1,
    3,
    4,
  ],
  Array [
    2,
    1,
    4,
    3,
  ],
  Array [
    2,
    3,
    1,
    4,
  ],
  Array [
    2,
    3,
    4,
    1,
  ],
  Array [
    2,
    4,
    1,
    3,
  ],
  Array [
    2,
    4,
    3,
    1,
  ],
  Array [
    3,
    1,
    2,
    4,
  ],
  Array [
    3,
    1,
    4,
    2,
  ],
  Array [
    3,
    2,
    1,
    4,
  ],
  Array [
    3,
    2,
    4,
    1,
  ],
  Array [
    3,
    4,
    1,
    2,
  ],
  Array [
    3,
    4,
    2,
    1,
  ],
  Array [
    4,
    1,
    2,
    3,
  ],
  Array [
    4,
    1,
    3,
    2,
  ],
  Array [
    4,
    2,
    1,
    3,
  ],
  Array [
    4,
    2,
    3,
    1,
  ],
  Array [
    4,
    3,
    1,
    2,
  ],
  Array [
    4,
    3,
    2,
    1,
  ],
]
`;
