// Jest Snapshot v1, https://goo.gl/fbAQLP

exports[`permute test case 1 1`] = `
[
  [
    1,
    2,
    3,
  ],
  [
    1,
    3,
    2,
  ],
  [
    2,
    1,
    3,
  ],
  [
    2,
    3,
    1,
  ],
  [
    3,
    1,
    2,
  ],
  [
    3,
    2,
    1,
  ],
]
`;

exports[`permute test case 2 1`] = `
[
  [
    0,
    1,
  ],
  [
    1,
    0,
  ],
]
`;
