// Jest Snapshot v1, https://goo.gl/fbAQLP

exports[`three sum run 1`] = `
[
  [
    -1,
    -1,
    2,
  ],
  [
    0,
    -1,
    1,
  ],
]
`;

exports[`three sum run 2`] = `
[
  [
    -1,
    -1,
    2,
  ],
  [
    0,
    -1,
    1,
  ],
  [
    0,
    -2,
    2,
  ],
  [
    0,
    -3,
    3,
  ],
  [
    1,
    -3,
    2,
  ],
  [
    0,
    -4,
    4,
  ],
  [
    1,
    -4,
    3,
  ],
]
`;

exports[`three sum run 2 1`] = `
[
  [
    -1,
    -1,
    2,
  ],
  [
    0,
    -1,
    1,
  ],
  [
    0,
    -2,
    2,
  ],
  [
    0,
    -3,
    3,
  ],
  [
    1,
    -3,
    2,
  ],
  [
    0,
    -4,
    4,
  ],
  [
    1,
    -4,
    3,
  ],
]
`;
